00:00 +0: loading C:/Users/admin/Desktop/Jordy/Sexto/Moviles/P2/Proyecto_Grupo3/test/widget_test.dart
flutter : lib/main.dart:26:13: 
Error: The method 
'RecognitionHomeScreen' isn't 
defined for the type 'MyApp'.
En línea: 1 Carácter: 1
+ flutter test --no-color > 
test_output.txt 2>&1
+ ~~~~~~~~~~~~~~~~~~~~~~~~~~~~~~~~~
~~~~~~~~~~~~~
    + CategoryInfo          : NotS 
   pecified: (lib/main.dart:2...e  
   type 'MyApp'.:String) [], Rem   
 oteException
    + FullyQualifiedErrorId : Nati 
   veCommandError
 
 - 'MyApp' is from 
'package:proyectog3/main.dart' 
('lib/main.dart').
Try correcting the name to the 
name of an existing method, or 
defining a method named 
'RecognitionHomeScreen'.
      home: 
RecognitionHomeScreen(cameras: 
cameras),
            ^^^^^^^^^^^^^^^^^^^^^
00:00 +0 -1: loading C:/Users/admin/Desktop/Jordy/Sexto/Moviles/P2/Proyecto_Grupo3/test/widget_test.dart [E]
  Failed to load "C:/Users/admin/Desktop/Jordy/Sexto/Moviles/P2/Proyecto_Grupo3/test/widget_test.dart":
  Compilation failed for testPath=C:/Users/admin/Desktop/Jordy/Sexto/Moviles/P2/Proyecto_Grupo3/test/widget_test.dart: lib/main.dart:26:13: Error: The method 'RecognitionHomeScreen' isn't defined for the type 'MyApp'.
   - 'MyApp' is from 'package:proyectog3/main.dart' ('lib/main.dart').
  Try correcting the name to the name of an existing method, or defining a method named 'RecognitionHomeScreen'.
        home: RecognitionHomeScreen(cameras: cameras),
              ^^^^^^^^^^^^^^^^^^^^^
  .
00:00 +0 -1: Some tests failed.
